[debug] [2026-08-17T19:28:01.521Z] ----------------------------------------------------------------------
[debug] [2026-08-17T19:28:01.525Z] Command:       /usr/local/bin/node /usr/local/bin/firebase deploy --only hosting --project tentelcom-del-oeste
[debug] [2026-08-17T19:28:01.526Z] CLI Version:   15.26.0
[debug] [2026-08-17T19:28:01.526Z] Platform:      linux
[debug] [2026-08-17T19:28:01.526Z] Node Version:  v22.23.2
[debug] [2026-08-17T19:28:01.527Z] Detected Agent: unknown
[debug] [2026-08-17T19:28:01.527Z] Time:          Mon Aug 17 2026 19:28:01 GMT+0000 (Coordinated Universal Time)
[debug] [2026-08-17T19:28:01.527Z] ----------------------------------------------------------------------
[debug] 
[debug] [2026-08-17T19:28:04.082Z] > command requires scopes: ["email","openid","https://www.googleapis.com/auth/cloudplatformprojects.readonly","https://www.googleapis.com/auth/firebase","https://www.googleapis.com/auth/cloud-platform"]
[debug] [2026-08-17T19:28:04.110Z] Running auto auth
[debug] [2026-08-17T19:28:04.114Z] [iam] checking project tentelcom-del-oeste for permissions ["firebase.projects.get","firebasehosting.sites.update"]
[debug] [2026-08-17T19:28:04.149Z] No OAuth tokens found
[debug] [2026-08-17T19:28:04.151Z] >>> [apiv2][query] POST https://cloudresourcemanager.googleapis.com/v1/projects/tentelcom-del-oeste:testIamPermissions [none]
[debug] [2026-08-17T19:28:04.151Z] >>> [apiv2][(partial)header] POST https://cloudresourcemanager.googleapis.com/v1/projects/tentelcom-del-oeste:testIamPermissions  x-goog-user-project=tentelcom-del-oeste
[debug] [2026-08-17T19:28:04.151Z] >>> [apiv2][body] POST https://cloudresourcemanager.googleapis.com/v1/projects/tentelcom-del-oeste:testIamPermissions {"permissions":["firebase.projects.get","firebasehosting.sites.update"]}
[debug] [2026-08-17T19:28:04.372Z] <<< [apiv2][status] POST https://cloudresourcemanager.googleapis.com/v1/projects/tentelcom-del-oeste:testIamPermissions 403
[debug] [2026-08-17T19:28:04.372Z] <<< [apiv2][body] POST https://cloudresourcemanager.googleapis.com/v1/projects/tentelcom-del-oeste:testIamPermissions {"error":{"code":403,"message":"Caller does not have required permission to use project tentelcom-del-oeste. Grant the caller the roles/serviceusage.serviceUsageConsumer role, or a custom role with the serviceusage.services.use permission, by visiting https://console.developers.google.com/iam-admin/iam?project=tentelcom-del-oeste and then retry. Propagation of the new permission may take a few minutes.","status":"PERMISSION_DENIED","details":[{"@type":"type.googleapis.com/google.rpc.ErrorInfo","reason":"USER_PROJECT_DENIED","domain":"googleapis.com","metadata":{"containerInfo":"tentelcom-del-oeste","consoleUrl":"https://console.developers.google.com/iam-admin/iam?project=tentelcom-del-oeste","service":"cloudresourcemanager.googleapis.com","consumer":"projects/tentelcom-del-oeste"}},{"@type":"type.googleapis.com/google.rpc.LocalizedMessage","locale":"en-US","message":"Caller does not have required permission to use project tentelcom-del-oeste. Grant the caller the roles/serviceusage.serviceUsageConsumer role, or a custom role with the serviceusage.services.use permission, by visiting https://console.developers.google.com/iam-admin/iam?project=tentelcom-del-oeste and then retry. Propagation of the new permission may take a few minutes."},{"@type":"type.googleapis.com/google.rpc.Help","links":[{"description":"Google developer console IAM admin","url":"https://console.developers.google.com/iam-admin/iam?project=tentelcom-del-oeste"}]}]}}
[debug] [2026-08-17T19:28:04.373Z] [iam] error while checking permissions, command may fail: Request to https://cloudresourcemanager.googleapis.com/v1/projects/tentelcom-del-oeste:testIamPermissions had HTTP Error: 403, Caller does not have required permission to use project tentelcom-del-oeste. Grant the caller the roles/serviceusage.serviceUsageConsumer role, or a custom role with the serviceusage.services.use permission, by visiting https://console.developers.google.com/iam-admin/iam?project=tentelcom-del-oeste and then retry. Propagation of the new permission may take a few minutes.
[debug] [2026-08-17T19:28:04.374Z] No OAuth tokens found
[debug] [2026-08-17T19:28:04.374Z] >>> [apiv2][query] GET https://firebase.googleapis.com/v1beta1/projects/tentelcom-del-oeste [none]
[debug] [2026-08-17T19:28:04.509Z] <<< [apiv2][status] GET https://firebase.googleapis.com/v1beta1/projects/tentelcom-del-oeste 403
[debug] [2026-08-17T19:28:04.510Z] <<< [apiv2][body] GET https://firebase.googleapis.com/v1beta1/projects/tentelcom-del-oeste {"error":{"code":403,"message":"Firebase Management API has not been used in project 33230238659 before or it is disabled. Enable it by visiting https://console.developers.google.com/apis/api/firebase.googleapis.com/overview?project=33230238659 then retry. If you enabled this API recently, wait a few minutes for the action to propagate to our systems and retry.","status":"PERMISSION_DENIED","details":[{"@type":"type.googleapis.com/google.rpc.ErrorInfo","reason":"SERVICE_DISABLED","domain":"googleapis.com","metadata":{"activationUrl":"https://console.developers.google.com/apis/api/firebase.googleapis.com/overview?project=33230238659","serviceTitle":"Firebase Management API","containerInfo":"33230238659","service":"firebase.googleapis.com","consumer":"projects/33230238659"}},{"@type":"type.googleapis.com/google.rpc.LocalizedMessage","locale":"en-US","message":"Firebase Management API has not been used in project 33230238659 before or it is disabled. Enable it by visiting https://console.developers.google.com/apis/api/firebase.googleapis.com/overview?project=33230238659 then retry. If you enabled this API recently, wait a few minutes for the action to propagate to our systems and retry."},{"@type":"type.googleapis.com/google.rpc.Help","links":[{"description":"Google developers console API activation","url":"https://console.developers.google.com/apis/api/firebase.googleapis.com/overview?project=33230238659"}]}]}}
[debug] [2026-08-17T19:28:04.510Z] Request to https://firebase.googleapis.com/v1beta1/projects/tentelcom-del-oeste had HTTP Error: 403, Firebase Management API has not been used in project 33230238659 before or it is disabled. Enable it by visiting https://console.developers.google.com/apis/api/firebase.googleapis.com/overview?project=33230238659 then retry. If you enabled this API recently, wait a few minutes for the action to propagate to our systems and retry.
[debug] [2026-08-17T19:28:04.511Z] FirebaseError: Request to https://firebase.googleapis.com/v1beta1/projects/tentelcom-del-oeste had HTTP Error: 403, Firebase Management API has not been used in project 33230238659 before or it is disabled. Enable it by visiting https://console.developers.google.com/apis/api/firebase.googleapis.com/overview?project=33230238659 then retry. If you enabled this API recently, wait a few minutes for the action to propagate to our systems and retry.
    at responseToError (/usr/local/lib/node_modules/firebase-tools/lib/responseToError.js:53:12)
    at RetryOperation._fn (/usr/local/lib/node_modules/firebase-tools/lib/apiv2.js:415:77)
    at process.processTicksAndRejections (node:internal/process/task_queues:103:5)
[error] 
[error] Error: Failed to get Firebase project tentelcom-del-oeste. Please make sure the project exists and your account has permission to access it.
[debug] [2026-08-17T19:28:11.592Z] ----------------------------------------------------------------------
[debug] [2026-08-17T19:28:11.595Z] Command:       /usr/local/bin/node /usr/local/bin/firebase projects:list
[debug] [2026-08-17T19:28:11.595Z] CLI Version:   15.26.0
[debug] [2026-08-17T19:28:11.596Z] Platform:      linux
[debug] [2026-08-17T19:28:11.596Z] Node Version:  v22.23.2
[debug] [2026-08-17T19:28:11.596Z] Detected Agent: unknown
[debug] [2026-08-17T19:28:11.597Z] Time:          Mon Aug 17 2026 19:28:11 GMT+0000 (Coordinated Universal Time)
[debug] [2026-08-17T19:28:11.597Z] ----------------------------------------------------------------------
[debug] 
[debug] [2026-08-17T19:28:11.966Z] > command requires scopes: ["email","openid","https://www.googleapis.com/auth/cloudplatformprojects.readonly","https://www.googleapis.com/auth/firebase","https://www.googleapis.com/auth/cloud-platform"]
[debug] [2026-08-17T19:28:12.005Z] Running auto auth
[debug] [2026-08-17T19:28:12.052Z] No OAuth tokens found
[debug] [2026-08-17T19:28:12.054Z] >>> [apiv2][query] GET https://firebase.googleapis.com/v1beta1/projects pageSize=1000
[debug] [2026-08-17T19:28:12.245Z] <<< [apiv2][status] GET https://firebase.googleapis.com/v1beta1/projects 403
[debug] [2026-08-17T19:28:12.245Z] <<< [apiv2][body] GET https://firebase.googleapis.com/v1beta1/projects [omitted]
[debug] [2026-08-17T19:28:12.246Z] Request to https://firebase.googleapis.com/v1beta1/projects?pageSize=1000 had HTTP Error: 403, Firebase Management API has not been used in project 33230238659 before or it is disabled. Enable it by visiting https://console.developers.google.com/apis/api/firebase.googleapis.com/overview?project=33230238659 then retry. If you enabled this API recently, wait a few minutes for the action to propagate to our systems and retry.
[debug] [2026-08-17T19:28:12.248Z] FirebaseError: Request to https://firebase.googleapis.com/v1beta1/projects?pageSize=1000 had HTTP Error: 403, Firebase Management API has not been used in project 33230238659 before or it is disabled. Enable it by visiting https://console.developers.google.com/apis/api/firebase.googleapis.com/overview?project=33230238659 then retry. If you enabled this API recently, wait a few minutes for the action to propagate to our systems and retry.
    at responseToError (/usr/local/lib/node_modules/firebase-tools/lib/responseToError.js:53:12)
    at RetryOperation._fn (/usr/local/lib/node_modules/firebase-tools/lib/apiv2.js:415:77)
    at process.processTicksAndRejections (node:internal/process/task_queues:103:5)
[error] 
[error] Error: Failed to list Firebase projects. See firebase-debug.log for more info.
